// Jest Snapshot v1, https://goo.gl/fbAQLP

exports[`db2 export group definition should not have changed 1`] = `
Object {
  "description": "Export data from a Db2 table",
  "experimental": true,
  "name": "export",
  "passOn": Array [
    Object {
      "ignoreNodes": Array [
        Object {
          "type": "group",
        },
      ],
      "merge": true,
      "property": "options",
      "value": Array [
        Object {
          "description": "The Db2 server host name",
          "group": "DB2 Connection Options",
          "name": "hostname",
          "type": "string",
        },
        Object {
          "description": "The Db2 server port number",
          "group": "DB2 Connection Options",
          "name": "port",
          "type": "number",
        },
        Object {
          "description": "The Db2 user ID (may be the same as the TSO login)",
          "group": "DB2 Connection Options",
          "name": "username",
          "type": "string",
        },
        Object {
          "description": "The Db2 password (may be the same as the TSO password)",
          "group": "DB2 Connection Options",
          "name": "password",
          "type": "string",
        },
        Object {
          "description": "The name of the database",
          "group": "DB2 Connection Options",
          "name": "database",
          "type": "string",
        },
        Object {
          "description": "Path to an SSL Certificate file",
          "group": "DB2 Connection Options",
          "name": "sslFile",
          "type": "string",
        },
      ],
    },
  ],
  "summary": "Export a table",
  "type": "group",
}
`;
