// Jest Snapshot v1, https://goo.gl/fbAQLP

exports[`db2 export group definition should not have changed 1`] = `
Object {
  "description": "Export data from a Db2 table",
  "name": "export",
  "passOn": Array [
    Object {
      "ignoreNodes": Array [
        Object {
          "type": "group",
        },
      ],
      "merge": true,
      "property": "options",
      "value": Array [
        Object {
          "aliases": Array [
            "H",
          ],
          "description": "The Db2 server host name",
          "group": "DB2 Connection Options",
          "name": "host",
          "type": "string",
        },
        Object {
          "aliases": Array [
            "P",
          ],
          "description": "The Db2 server port number",
          "group": "DB2 Connection Options",
          "name": "port",
          "type": "number",
        },
        Object {
          "aliases": Array [
            "u",
          ],
          "description": "The Db2 user ID (may be the same as the TSO login)",
          "group": "DB2 Connection Options",
          "name": "user",
          "type": "string",
        },
        Object {
          "aliases": Array [
            "pass",
            "pw",
          ],
          "description": "The Db2 password (may be the same as the TSO password)",
          "group": "DB2 Connection Options",
          "name": "password",
          "type": "string",
        },
        Object {
          "aliases": Array [
            "db",
          ],
          "description": "The name of the database",
          "group": "DB2 Connection Options",
          "name": "database",
          "type": "string",
        },
        Object {
          "aliases": Array [
            "ssl",
          ],
          "description": "Path to an SSL Certificate file",
          "group": "DB2 Connection Options",
          "name": "sslFile",
          "type": "string",
        },
        Object {
          "aliases": Array [
            "driver",
          ],
          "allowableValues": Object {
            "caseSensitive": false,
            "values": Array [
              "odbc",
              "jdbc",
            ],
          },
          "defaultValue": "odbc",
          "description": "Driver type used to connect to Db2: 'odbc' or 'jdbc'",
          "group": "DB2 Connection Options",
          "name": "driverType",
          "type": "string",
        },
        Object {
          "aliases": Array [
            "jdbc-jar",
          ],
          "description": "Path to the Db2 JDBC driver JAR file (e.g. db2jcc4.jar) or directory containing it",
          "group": "DB2 Connection Options",
          "name": "jdbcJarPath",
          "type": "string",
        },
        Object {
          "aliases": Array [
            "jdbc-license",
          ],
          "description": "Path to the Db2 JDBC license JAR file (e.g. db2jcc_license_cisuz.jar) or directory containing it",
          "group": "DB2 Connection Options",
          "name": "jdbcLicensePath",
          "type": "string",
        },
        Object {
          "aliases": Array [
            "java-path",
          ],
          "description": "Path to Java executable to use for JDBC connections (defaults to 'java')",
          "group": "DB2 Connection Options",
          "name": "javaPath",
          "type": "string",
        },
        Object {
          "aliases": Array [
            "jdbc-props",
          ],
          "description": "Additional JDBC connection properties (e.g. 'clientProgramName=ZoweCLI;'). Security-sensitive keys (user, password, sslConnection, securityMechanism) are not permitted.",
          "group": "DB2 Connection Options",
          "name": "jdbcProperties",
          "type": "string",
        },
      ],
    },
  ],
  "summary": "Export a table",
  "type": "group",
}
`;
